// Jest Snapshot v1, https://goo.gl/fbAQLP

exports[`SigfoxApi test getDeviceInfo() call should return device obj 1`] = `""`;
